// Jest Snapshot v1, https://goo.gl/fbAQLP

exports[`Sorcerer Component matches snapshot 1`] = `ShallowWrapper {}`;
